#
# There is insufficient memory for the Java Runtime Environment to continue.
# Native memory allocation (malloc) failed to allocate 1247856 bytes. Error detail: Chunk::new
# Possible reasons:
#   The system is out of physical RAM or swap space
#   This process is running with CompressedOops enabled, and the Java Heap may be blocking the growth of the native heap
# Possible solutions:
#   Reduce memory load on the system
#   Increase physical memory or swap space
#   Check if swap backing store is full
#   Decrease Java heap size (-Xmx/-Xms)
#   Decrease number of Java threads
#   Decrease Java thread stack sizes (-Xss)
#   Set larger code cache with -XX:ReservedCodeCacheSize=
#   JVM is running with Zero Based Compressed Oops mode in which the Java heap is
#     placed in the first 32GB address space. The Java Heap base address is the
#     maximum limit for the native heap growth. Please use -XX:HeapBaseMinAddress
#     to set the Java Heap base and to place the Java Heap above 32GB virtual address.
# This output file may be truncated or incomplete.
#
#  Out of Memory Error (arena.cpp:191), pid=16988, tid=13172
#
# JRE version: OpenJDK Runtime Environment Temurin-17.0.17+10 (17.0.17+10) (build 17.0.17+10)
# Java VM: OpenJDK 64-Bit Server VM Temurin-17.0.17+10 (17.0.17+10, mixed mode, sharing, tiered, compressed oops, compressed class ptrs, g1 gc, windows-amd64)
# No core dump will be written. Minidumps are not enabled by default on client versions of Windows
#

---------------  S U M M A R Y ------------

Command Line: -Dfile.encoding=UTF-8 -Dstdout.encoding=UTF-8 -Dstderr.encoding=UTF-8 -XX:+ShowCodeDetailsInExceptionMessages com.siwar.demo.ProjetApplication

Host: 11th Gen Intel(R) Core(TM) i5-1135G7 @ 2.40GHz, 8 cores, 15G,  Windows 11 , 64 bit Build 22621 (10.0.22621.5415)
Time: Tue Nov 25 23:23:08 2025 Paris, Madrid elapsed time: 1.251483 seconds (0d 0h 0m 1s)

---------------  T H R E A D  ---------------

Current thread (0x0000020f69beb760):  JavaThread "C2 CompilerThread2" daemon [_thread_in_native, id=13172, stack(0x0000006868a00000,0x0000006868b00000)]


Current CompileTask:
C2:1251 1747       4       jdk.internal.org.objectweb.asm.Frame::execute (2305 bytes)

Stack: [0x0000006868a00000,0x0000006868b00000]
Native frames: (J=compiled Java code, j=interpreted, Vv=VM code, C=native code)
V  [jvm.dll+0x683fb9]
V  [jvm.dll+0x83a1b5]
V  [jvm.dll+0x83bc2e]
V  [jvm.dll+0x83c2b3]
V  [jvm.dll+0x248eff]
V  [jvm.dll+0xad496]
V  [jvm.dll+0xadb3c]
V  [jvm.dll+0x368a3e]
V  [jvm.dll+0x1bc3f9]
V  [jvm.dll+0x219f10]
V  [jvm.dll+0x219200]
V  [jvm.dll+0x1a4920]
V  [jvm.dll+0x22989a]
V  [jvm.dll+0x227a4b]
V  [jvm.dll+0x7effb8]
V  [jvm.dll+0x7ea44c]
V  [jvm.dll+0x682e87]
C  [ucrtbase.dll+0x29333]
C  [KERNEL32.DLL+0x1259d]
C  [ntdll.dll+0x5af78]


---------------  P R O C E S S  ---------------

Threads class SMR info:
_java_thread_list=0x0000020f6a8900d0, length=16, elements={
0x0000020f7fa85fe0, 0x0000020f69003020, 0x0000020f69005bf0, 0x0000020f6900f590,
0x0000020f69010150, 0x0000020f69010d10, 0x0000020f690136e0, 0x0000020f69019010,
0x0000020f6902e5b0, 0x0000020f69023b60, 0x0000020f69176700, 0x0000020f69182c90,
0x0000020f692a9040, 0x0000020f69beb760, 0x0000020f69285fd0, 0x0000020f6a072b80
}

Java Threads: ( => current thread )
  0x0000020f7fa85fe0 JavaThread "main" [_thread_blocked, id=7960, stack(0x0000006867600000,0x0000006867700000)]
  0x0000020f69003020 JavaThread "Reference Handler" daemon [_thread_blocked, id=4560, stack(0x0000006867d00000,0x0000006867e00000)]
  0x0000020f69005bf0 JavaThread "Finalizer" daemon [_thread_blocked, id=17616, stack(0x0000006867e00000,0x0000006867f00000)]
  0x0000020f6900f590 JavaThread "Signal Dispatcher" daemon [_thread_blocked, id=18116, stack(0x0000006867f00000,0x0000006868000000)]
  0x0000020f69010150 JavaThread "Attach Listener" daemon [_thread_blocked, id=17312, stack(0x0000006868000000,0x0000006868100000)]
  0x0000020f69010d10 JavaThread "Service Thread" daemon [_thread_blocked, id=19392, stack(0x0000006868100000,0x0000006868200000)]
  0x0000020f690136e0 JavaThread "Monitor Deflation Thread" daemon [_thread_blocked, id=5788, stack(0x0000006868200000,0x0000006868300000)]
  0x0000020f69019010 JavaThread "C2 CompilerThread0" daemon [_thread_in_native, id=10972, stack(0x0000006868300000,0x0000006868400000)]
  0x0000020f6902e5b0 JavaThread "C1 CompilerThread0" daemon [_thread_blocked, id=6500, stack(0x0000006868400000,0x0000006868500000)]
  0x0000020f69023b60 JavaThread "Sweeper thread" daemon [_thread_blocked, id=15248, stack(0x0000006868500000,0x0000006868600000)]
  0x0000020f69176700 JavaThread "Notification Thread" daemon [_thread_blocked, id=7932, stack(0x0000006868600000,0x0000006868700000)]
  0x0000020f69182c90 JavaThread "Common-Cleaner" daemon [_thread_blocked, id=5576, stack(0x0000006868800000,0x0000006868900000)]
  0x0000020f692a9040 JavaThread "C2 CompilerThread1" daemon [_thread_in_native, id=18676, stack(0x0000006868900000,0x0000006868a00000)]
=>0x0000020f69beb760 JavaThread "C2 CompilerThread2" daemon [_thread_in_native, id=13172, stack(0x0000006868a00000,0x0000006868b00000)]
  0x0000020f69285fd0 JavaThread "Thread-0" [_thread_blocked, id=18160, stack(0x0000006868b00000,0x0000006868c00000)]
  0x0000020f6a072b80 JavaThread "restartedMain" [_thread_in_native, id=15560, stack(0x0000006868c00000,0x0000006868d00000)]

Other Threads:
  0x0000020f23db7570 VMThread "VM Thread" [stack: 0x0000006867c00000,0x0000006867d00000] [id=14576]
  0x0000020f69176be0 WatcherThread [stack: 0x0000006868700000,0x0000006868800000] [id=9032]
  0x0000020f7faf41f0 GCTaskThread "GC Thread#0" [stack: 0x0000006867700000,0x0000006867800000] [id=7212]
  0x0000020f69b42330 GCTaskThread "GC Thread#1" [stack: 0x0000006868d00000,0x0000006868e00000] [id=13208]
  0x0000020f69f3b4d0 GCTaskThread "GC Thread#2" [stack: 0x0000006868e00000,0x0000006868f00000] [id=13088]
  0x0000020f6a06e710 GCTaskThread "GC Thread#3" [stack: 0x0000006868f00000,0x0000006869000000] [id=2476]
  0x0000020f6a436720 GCTaskThread "GC Thread#4" [stack: 0x0000006869000000,0x0000006869100000] [id=7552]
  0x0000020f6a4369e0 GCTaskThread "GC Thread#5" [stack: 0x0000006869100000,0x0000006869200000] [id=15616]
  0x0000020f6a6c0d00 GCTaskThread "GC Thread#6" [stack: 0x0000006869300000,0x0000006869400000] [id=3380]
  0x0000020f6a7df050 GCTaskThread "GC Thread#7" [stack: 0x0000006869400000,0x0000006869500000] [id=5428]
  0x0000020f7fb04d00 ConcurrentGCThread "G1 Main Marker" [stack: 0x0000006867800000,0x0000006867900000] [id=18596]
  0x0000020f7fb05ec0 ConcurrentGCThread "G1 Conc#0" [stack: 0x0000006867900000,0x0000006867a00000] [id=18828]
  0x0000020f23c6b8a0 ConcurrentGCThread "G1 Refine#0" [stack: 0x0000006867a00000,0x0000006867b00000] [id=9876]
  0x0000020f23c6c2d0 ConcurrentGCThread "G1 Service" [stack: 0x0000006867b00000,0x0000006867c00000] [id=13488]

Threads with active compile tasks:
C2 CompilerThread0  1266 1714   !   4       java.net.URL::<init> (543 bytes)
C2 CompilerThread1  1266 1913   !   4       jdk.internal.loader.URLClassPath$JarLoader::getResource (354 bytes)
C2 CompilerThread2  1267 1747       4       jdk.internal.org.objectweb.asm.Frame::execute (2305 bytes)

VM state: not at safepoint (normal execution)

VM Mutex/Monitor currently owned by a thread:  ([mutex/lock_event])
[0x0000020f7fa80a30] CompiledIC_lock - owner thread: 0x0000000000000000
[0x0000020f7fa807f0] MethodData_lock - owner thread: 0x0000000000000000

Heap address: 0x0000000704400000, size: 4028 MB, Compressed Oops mode: Zero based, Oop shift amount: 3

CDS archive(s) mapped at: [0x0000020f24000000-0x0000020f24bb0000-0x0000020f24bb0000), size 12255232, SharedBaseAddress: 0x0000020f24000000, ArchiveRelocationMode: 1.
Compressed class space mapped at: 0x0000020f25000000-0x0000020f65000000, reserved size: 1073741824
Narrow klass base: 0x0000020f24000000, Narrow klass shift: 0, Narrow klass range: 0x100000000

GC Precious Log:
 CPUs: 8 total, 8 available
 Memory: 16110M
 Large Page Support: Disabled
 NUMA Support: Disabled
 Compressed Oops: Enabled (Zero based)
 Heap Region Size: 2M
 Heap Min Capacity: 8M
 Heap Initial Capacity: 252M
 Heap Max Capacity: 4028M
 Pre-touch: Disabled
 Parallel Workers: 8
 Concurrent Workers: 2
 Concurrent Refinement Workers: 8
 Periodic GC: Disabled

Heap:
 garbage-first heap   total 258048K, used 30625K [0x0000000704400000, 0x0000000800000000)
  region size 2048K, 14 young (28672K), 2 survivors (4096K)
 Metaspace       used 16717K, committed 16896K, reserved 1114112K
  class space    used 2078K, committed 2176K, reserved 1048576K

Heap Regions: E=young(eden), S=young(survivor), O=old, HS=humongous(starts), HC=humongous(continues), CS=collection set, F=free, OA=open archive, CA=closed archive, TAMS=top-at-mark-start (previous, next)
|   0|0x0000000704400000, 0x0000000704600000, 0x0000000704600000|100%| O|  |TAMS 0x0000000704400000, 0x0000000704400000| Untracked 
|   1|0x0000000704600000, 0x0000000704800000, 0x0000000704800000|100%| O|  |TAMS 0x0000000704600000, 0x0000000704600000| Untracked 
|   2|0x0000000704800000, 0x00000007049d3e00, 0x0000000704a00000| 91%| O|  |TAMS 0x0000000704800000, 0x0000000704800000| Untracked 
|   3|0x0000000704a00000, 0x0000000704a00000, 0x0000000704c00000|  0%| F|  |TAMS 0x0000000704a00000, 0x0000000704a00000| Untracked 
|   4|0x0000000704c00000, 0x0000000704c00000, 0x0000000704e00000|  0%| F|  |TAMS 0x0000000704c00000, 0x0000000704c00000| Untracked 
|   5|0x0000000704e00000, 0x0000000704e00000, 0x0000000705000000|  0%| F|  |TAMS 0x0000000704e00000, 0x0000000704e00000| Untracked 
|   6|0x0000000705000000, 0x0000000705000000, 0x0000000705200000|  0%| F|  |TAMS 0x0000000705000000, 0x0000000705000000| Untracked 
|   7|0x0000000705200000, 0x0000000705200000, 0x0000000705400000|  0%| F|  |TAMS 0x0000000705200000, 0x0000000705200000| Untracked 
|   8|0x0000000705400000, 0x0000000705400000, 0x0000000705600000|  0%| F|  |TAMS 0x0000000705400000, 0x0000000705400000| Untracked 
|   9|0x0000000705600000, 0x0000000705600000, 0x0000000705800000|  0%| F|  |TAMS 0x0000000705600000, 0x0000000705600000| Untracked 
|  10|0x0000000705800000, 0x0000000705800000, 0x0000000705a00000|  0%| F|  |TAMS 0x0000000705800000, 0x0000000705800000| Untracked 
|  11|0x0000000705a00000, 0x0000000705a00000, 0x0000000705c00000|  0%| F|  |TAMS 0x0000000705a00000, 0x0000000705a00000| Untracked 
|  12|0x0000000705c00000, 0x0000000705c00000, 0x0000000705e00000|  0%| F|  |TAMS 0x0000000705c00000, 0x0000000705c00000| Untracked 
|  13|0x0000000705e00000, 0x0000000705e00000, 0x0000000706000000|  0%| F|  |TAMS 0x0000000705e00000, 0x0000000705e00000| Untracked 
|  14|0x0000000706000000, 0x0000000706000000, 0x0000000706200000|  0%| F|  |TAMS 0x0000000706000000, 0x0000000706000000| Untracked 
|  15|0x0000000706200000, 0x0000000706200000, 0x0000000706400000|  0%| F|  |TAMS 0x0000000706200000, 0x0000000706200000| Untracked 
|  16|0x0000000706400000, 0x0000000706400000, 0x0000000706600000|  0%| F|  |TAMS 0x0000000706400000, 0x0000000706400000| Untracked 
|  17|0x0000000706600000, 0x0000000706600000, 0x0000000706800000|  0%| F|  |TAMS 0x0000000706600000, 0x0000000706600000| Untracked 
|  18|0x0000000706800000, 0x0000000706800000, 0x0000000706a00000|  0%| F|  |TAMS 0x0000000706800000, 0x0000000706800000| Untracked 
|  19|0x0000000706a00000, 0x0000000706a00000, 0x0000000706c00000|  0%| F|  |TAMS 0x0000000706a00000, 0x0000000706a00000| Untracked 
|  20|0x0000000706c00000, 0x0000000706c00000, 0x0000000706e00000|  0%| F|  |TAMS 0x0000000706c00000, 0x0000000706c00000| Untracked 
|  21|0x0000000706e00000, 0x0000000706e00000, 0x0000000707000000|  0%| F|  |TAMS 0x0000000706e00000, 0x0000000706e00000| Untracked 
|  22|0x0000000707000000, 0x0000000707000000, 0x0000000707200000|  0%| F|  |TAMS 0x0000000707000000, 0x0000000707000000| Untracked 
|  23|0x0000000707200000, 0x0000000707200000, 0x0000000707400000|  0%| F|  |TAMS 0x0000000707200000, 0x0000000707200000| Untracked 
|  24|0x0000000707400000, 0x0000000707400000, 0x0000000707600000|  0%| F|  |TAMS 0x0000000707400000, 0x0000000707400000| Untracked 
|  25|0x0000000707600000, 0x0000000707600000, 0x0000000707800000|  0%| F|  |TAMS 0x0000000707600000, 0x0000000707600000| Untracked 
|  26|0x0000000707800000, 0x0000000707800000, 0x0000000707a00000|  0%| F|  |TAMS 0x0000000707800000, 0x0000000707800000| Untracked 
|  27|0x0000000707a00000, 0x0000000707a00000, 0x0000000707c00000|  0%| F|  |TAMS 0x0000000707a00000, 0x0000000707a00000| Untracked 
|  28|0x0000000707c00000, 0x0000000707c00000, 0x0000000707e00000|  0%| F|  |TAMS 0x0000000707c00000, 0x0000000707c00000| Untracked 
|  29|0x0000000707e00000, 0x0000000707e00000, 0x0000000708000000|  0%| F|  |TAMS 0x0000000707e00000, 0x0000000707e00000| Untracked 
|  30|0x0000000708000000, 0x0000000708000000, 0x0000000708200000|  0%| F|  |TAMS 0x0000000708000000, 0x0000000708000000| Untracked 
|  31|0x0000000708200000, 0x0000000708200000, 0x0000000708400000|  0%| F|  |TAMS 0x0000000708200000, 0x0000000708200000| Untracked 
|  32|0x0000000708400000, 0x0000000708400000, 0x0000000708600000|  0%| F|  |TAMS 0x0000000708400000, 0x0000000708400000| Untracked 
|  33|0x0000000708600000, 0x0000000708600000, 0x0000000708800000|  0%| F|  |TAMS 0x0000000708600000, 0x0000000708600000| Untracked 
|  34|0x0000000708800000, 0x0000000708800000, 0x0000000708a00000|  0%| F|  |TAMS 0x0000000708800000, 0x0000000708800000| Untracked 
|  35|0x0000000708a00000, 0x0000000708a00000, 0x0000000708c00000|  0%| F|  |TAMS 0x0000000708a00000, 0x0000000708a00000| Untracked 
|  36|0x0000000708c00000, 0x0000000708c00000, 0x0000000708e00000|  0%| F|  |TAMS 0x0000000708c00000, 0x0000000708c00000| Untracked 
|  37|0x0000000708e00000, 0x0000000708e00000, 0x0000000709000000|  0%| F|  |TAMS 0x0000000708e00000, 0x0000000708e00000| Untracked 
|  38|0x0000000709000000, 0x0000000709000000, 0x0000000709200000|  0%| F|  |TAMS 0x0000000709000000, 0x0000000709000000| Untracked 
|  39|0x0000000709200000, 0x0000000709200000, 0x0000000709400000|  0%| F|  |TAMS 0x0000000709200000, 0x0000000709200000| Untracked 
|  40|0x0000000709400000, 0x0000000709400000, 0x0000000709600000|  0%| F|  |TAMS 0x0000000709400000, 0x0000000709400000| Untracked 
|  41|0x0000000709600000, 0x0000000709600000, 0x0000000709800000|  0%| F|  |TAMS 0x0000000709600000, 0x0000000709600000| Untracked 
|  42|0x0000000709800000, 0x0000000709800000, 0x0000000709a00000|  0%| F|  |TAMS 0x0000000709800000, 0x0000000709800000| Untracked 
|  43|0x0000000709a00000, 0x0000000709a00000, 0x0000000709c00000|  0%| F|  |TAMS 0x0000000709a00000, 0x0000000709a00000| Untracked 
|  44|0x0000000709c00000, 0x0000000709c00000, 0x0000000709e00000|  0%| F|  |TAMS 0x0000000709c00000, 0x0000000709c00000| Untracked 
|  45|0x0000000709e00000, 0x0000000709e00000, 0x000000070a000000|  0%| F|  |TAMS 0x0000000709e00000, 0x0000000709e00000| Untracked 
|  46|0x000000070a000000, 0x000000070a000000, 0x000000070a200000|  0%| F|  |TAMS 0x000000070a000000, 0x000000070a000000| Untracked 
|  47|0x000000070a200000, 0x000000070a200000, 0x000000070a400000|  0%| F|  |TAMS 0x000000070a200000, 0x000000070a200000| Untracked 
|  48|0x000000070a400000, 0x000000070a400000, 0x000000070a600000|  0%| F|  |TAMS 0x000000070a400000, 0x000000070a400000| Untracked 
|  49|0x000000070a600000, 0x000000070a600000, 0x000000070a800000|  0%| F|  |TAMS 0x000000070a600000, 0x000000070a600000| Untracked 
|  50|0x000000070a800000, 0x000000070a800000, 0x000000070aa00000|  0%| F|  |TAMS 0x000000070a800000, 0x000000070a800000| Untracked 
|  51|0x000000070aa00000, 0x000000070aa00000, 0x000000070ac00000|  0%| F|  |TAMS 0x000000070aa00000, 0x000000070aa00000| Untracked 
|  52|0x000000070ac00000, 0x000000070ac00000, 0x000000070ae00000|  0%| F|  |TAMS 0x000000070ac00000, 0x000000070ac00000| Untracked 
|  53|0x000000070ae00000, 0x000000070ae00000, 0x000000070b000000|  0%| F|  |TAMS 0x000000070ae00000, 0x000000070ae00000| Untracked 
|  54|0x000000070b000000, 0x000000070b000000, 0x000000070b200000|  0%| F|  |TAMS 0x000000070b000000, 0x000000070b000000| Untracked 
|  55|0x000000070b200000, 0x000000070b200000, 0x000000070b400000|  0%| F|  |TAMS 0x000000070b200000, 0x000000070b200000| Untracked 
|  56|0x000000070b400000, 0x000000070b400000, 0x000000070b600000|  0%| F|  |TAMS 0x000000070b400000, 0x000000070b400000| Untracked 
|  57|0x000000070b600000, 0x000000070b600000, 0x000000070b800000|  0%| F|  |TAMS 0x000000070b600000, 0x000000070b600000| Untracked 
|  58|0x000000070b800000, 0x000000070b800000, 0x000000070ba00000|  0%| F|  |TAMS 0x000000070b800000, 0x000000070b800000| Untracked 
|  59|0x000000070ba00000, 0x000000070ba00000, 0x000000070bc00000|  0%| F|  |TAMS 0x000000070ba00000, 0x000000070ba00000| Untracked 
|  60|0x000000070bc00000, 0x000000070bc00000, 0x000000070be00000|  0%| F|  |TAMS 0x000000070bc00000, 0x000000070bc00000| Untracked 
|  61|0x000000070be00000, 0x000000070be00000, 0x000000070c000000|  0%| F|  |TAMS 0x000000070be00000, 0x000000070be00000| Untracked 
|  62|0x000000070c000000, 0x000000070c000000, 0x000000070c200000|  0%| F|  |TAMS 0x000000070c000000, 0x000000070c000000| Untracked 
|  63|0x000000070c200000, 0x000000070c200000, 0x000000070c400000|  0%| F|  |TAMS 0x000000070c200000, 0x000000070c200000| Untracked 
|  64|0x000000070c400000, 0x000000070c400000, 0x000000070c600000|  0%| F|  |TAMS 0x000000070c400000, 0x000000070c400000| Untracked 
|  65|0x000000070c600000, 0x000000070c600000, 0x000000070c800000|  0%| F|  |TAMS 0x000000070c600000, 0x000000070c600000| Untracked 
|  66|0x000000070c800000, 0x000000070c800000, 0x000000070ca00000|  0%| F|  |TAMS 0x000000070c800000, 0x000000070c800000| Untracked 
|  67|0x000000070ca00000, 0x000000070ca00000, 0x000000070cc00000|  0%| F|  |TAMS 0x000000070ca00000, 0x000000070ca00000| Untracked 
|  68|0x000000070cc00000, 0x000000070cc00000, 0x000000070ce00000|  0%| F|  |TAMS 0x000000070cc00000, 0x000000070cc00000| Untracked 
|  69|0x000000070ce00000, 0x000000070ce00000, 0x000000070d000000|  0%| F|  |TAMS 0x000000070ce00000, 0x000000070ce00000| Untracked 
|  70|0x000000070d000000, 0x000000070d000000, 0x000000070d200000|  0%| F|  |TAMS 0x000000070d000000, 0x000000070d000000| Untracked 
|  71|0x000000070d200000, 0x000000070d200000, 0x000000070d400000|  0%| F|  |TAMS 0x000000070d200000, 0x000000070d200000| Untracked 
|  72|0x000000070d400000, 0x000000070d400000, 0x000000070d600000|  0%| F|  |TAMS 0x000000070d400000, 0x000000070d400000| Untracked 
|  73|0x000000070d600000, 0x000000070d600000, 0x000000070d800000|  0%| F|  |TAMS 0x000000070d600000, 0x000000070d600000| Untracked 
|  74|0x000000070d800000, 0x000000070d800000, 0x000000070da00000|  0%| F|  |TAMS 0x000000070d800000, 0x000000070d800000| Untracked 
|  75|0x000000070da00000, 0x000000070da00000, 0x000000070dc00000|  0%| F|  |TAMS 0x000000070da00000, 0x000000070da00000| Untracked 
|  76|0x000000070dc00000, 0x000000070dc00000, 0x000000070de00000|  0%| F|  |TAMS 0x000000070dc00000, 0x000000070dc00000| Untracked 
|  77|0x000000070de00000, 0x000000070de00000, 0x000000070e000000|  0%| F|  |TAMS 0x000000070de00000, 0x000000070de00000| Untracked 
|  78|0x000000070e000000, 0x000000070e000000, 0x000000070e200000|  0%| F|  |TAMS 0x000000070e000000, 0x000000070e000000| Untracked 
|  79|0x000000070e200000, 0x000000070e200000, 0x000000070e400000|  0%| F|  |TAMS 0x000000070e200000, 0x000000070e200000| Untracked 
|  80|0x000000070e400000, 0x000000070e400000, 0x000000070e600000|  0%| F|  |TAMS 0x000000070e400000, 0x000000070e400000| Untracked 
|  81|0x000000070e600000, 0x000000070e600000, 0x000000070e800000|  0%| F|  |TAMS 0x000000070e600000, 0x000000070e600000| Untracked 
|  82|0x000000070e800000, 0x000000070e800000, 0x000000070ea00000|  0%| F|  |TAMS 0x000000070e800000, 0x000000070e800000| Untracked 
|  83|0x000000070ea00000, 0x000000070ea00000, 0x000000070ec00000|  0%| F|  |TAMS 0x000000070ea00000, 0x000000070ea00000| Untracked 
|  84|0x000000070ec00000, 0x000000070ec00000, 0x000000070ee00000|  0%| F|  |TAMS 0x000000070ec00000, 0x000000070ec00000| Untracked 
|  85|0x000000070ee00000, 0x000000070ee00000, 0x000000070f000000|  0%| F|  |TAMS 0x000000070ee00000, 0x000000070ee00000| Untracked 
|  86|0x000000070f000000, 0x000000070f000000, 0x000000070f200000|  0%| F|  |TAMS 0x000000070f000000, 0x000000070f000000| Untracked 
|  87|0x000000070f200000, 0x000000070f200000, 0x000000070f400000|  0%| F|  |TAMS 0x000000070f200000, 0x000000070f200000| Untracked 
|  88|0x000000070f400000, 0x000000070f400000, 0x000000070f600000|  0%| F|  |TAMS 0x000000070f400000, 0x000000070f400000| Untracked 
|  89|0x000000070f600000, 0x000000070f600000, 0x000000070f800000|  0%| F|  |TAMS 0x000000070f600000, 0x000000070f600000| Untracked 
|  90|0x000000070f800000, 0x000000070f800000, 0x000000070fa00000|  0%| F|  |TAMS 0x000000070f800000, 0x000000070f800000| Untracked 
|  91|0x000000070fa00000, 0x000000070fa00000, 0x000000070fc00000|  0%| F|  |TAMS 0x000000070fa00000, 0x000000070fa00000| Untracked 
|  92|0x000000070fc00000, 0x000000070fc00000, 0x000000070fe00000|  0%| F|  |TAMS 0x000000070fc00000, 0x000000070fc00000| Untracked 
|  93|0x000000070fe00000, 0x000000070fe00000, 0x0000000710000000|  0%| F|  |TAMS 0x000000070fe00000, 0x000000070fe00000| Untracked 
|  94|0x0000000710000000, 0x0000000710000000, 0x0000000710200000|  0%| F|  |TAMS 0x0000000710000000, 0x0000000710000000| Untracked 
|  95|0x0000000710200000, 0x0000000710200000, 0x0000000710400000|  0%| F|  |TAMS 0x0000000710200000, 0x0000000710200000| Untracked 
|  96|0x0000000710400000, 0x0000000710400000, 0x0000000710600000|  0%| F|  |TAMS 0x0000000710400000, 0x0000000710400000| Untracked 
|  97|0x0000000710600000, 0x0000000710600000, 0x0000000710800000|  0%| F|  |TAMS 0x0000000710600000, 0x0000000710600000| Untracked 
|  98|0x0000000710800000, 0x0000000710800000, 0x0000000710a00000|  0%| F|  |TAMS 0x0000000710800000, 0x0000000710800000| Untracked 
|  99|0x0000000710a00000, 0x0000000710a00000, 0x0000000710c00000|  0%| F|  |TAMS 0x0000000710a00000, 0x0000000710a00000| Untracked 
| 100|0x0000000710c00000, 0x0000000710c00000, 0x0000000710e00000|  0%| F|  |TAMS 0x0000000710c00000, 0x0000000710c00000| Untracked 
| 101|0x0000000710e00000, 0x0000000710e00000, 0x0000000711000000|  0%| F|  |TAMS 0x0000000710e00000, 0x0000000710e00000| Untracked 
| 102|0x0000000711000000, 0x0000000711000000, 0x0000000711200000|  0%| F|  |TAMS 0x0000000711000000, 0x0000000711000000| Untracked 
| 103|0x0000000711200000, 0x0000000711200000, 0x0000000711400000|  0%| F|  |TAMS 0x0000000711200000, 0x0000000711200000| Untracked 
| 104|0x0000000711400000, 0x0000000711400000, 0x0000000711600000|  0%| F|  |TAMS 0x0000000711400000, 0x0000000711400000| Untracked 
| 105|0x0000000711600000, 0x0000000711600000, 0x0000000711800000|  0%| F|  |TAMS 0x0000000711600000, 0x0000000711600000| Untracked 
| 106|0x0000000711800000, 0x0000000711800000, 0x0000000711a00000|  0%| F|  |TAMS 0x0000000711800000, 0x0000000711800000| Untracked 
| 107|0x0000000711a00000, 0x0000000711a00000, 0x0000000711c00000|  0%| F|  |TAMS 0x0000000711a00000, 0x0000000711a00000| Untracked 
| 108|0x0000000711c00000, 0x0000000711c00000, 0x0000000711e00000|  0%| F|  |TAMS 0x0000000711c00000, 0x0000000711c00000| Untracked 
| 109|0x0000000711e00000, 0x0000000711e00000, 0x0000000712000000|  0%| F|  |TAMS 0x0000000711e00000, 0x0000000711e00000| Untracked 
| 110|0x0000000712000000, 0x0000000712014970, 0x0000000712200000|  4%| S|CS|TAMS 0x0000000712000000, 0x0000000712000000| Complete 
| 111|0x0000000712200000, 0x0000000712400000, 0x0000000712400000|100%| S|CS|TAMS 0x0000000712200000, 0x0000000712200000| Complete 
| 112|0x0000000712400000, 0x0000000712400000, 0x0000000712600000|  0%| F|  |TAMS 0x0000000712400000, 0x0000000712400000| Untracked 
| 113|0x0000000712600000, 0x0000000712600000, 0x0000000712800000|  0%| F|  |TAMS 0x0000000712600000, 0x0000000712600000| Untracked 
| 114|0x0000000712800000, 0x00000007129e1a10, 0x0000000712a00000| 94%| E|  |TAMS 0x0000000712800000, 0x0000000712800000| Complete 
| 115|0x0000000712a00000, 0x0000000712c00000, 0x0000000712c00000|100%| E|CS|TAMS 0x0000000712a00000, 0x0000000712a00000| Complete 
| 116|0x0000000712c00000, 0x0000000712e00000, 0x0000000712e00000|100%| E|CS|TAMS 0x0000000712c00000, 0x0000000712c00000| Complete 
| 117|0x0000000712e00000, 0x0000000713000000, 0x0000000713000000|100%| E|CS|TAMS 0x0000000712e00000, 0x0000000712e00000| Complete 
| 118|0x0000000713000000, 0x0000000713200000, 0x0000000713200000|100%| E|CS|TAMS 0x0000000713000000, 0x0000000713000000| Complete 
| 119|0x0000000713200000, 0x0000000713400000, 0x0000000713400000|100%| E|CS|TAMS 0x0000000713200000, 0x0000000713200000| Complete 
| 120|0x0000000713400000, 0x0000000713600000, 0x0000000713600000|100%| E|CS|TAMS 0x0000000713400000, 0x0000000713400000| Complete 
| 121|0x0000000713600000, 0x0000000713800000, 0x0000000713800000|100%| E|CS|TAMS 0x0000000713600000, 0x0000000713600000| Complete 
| 122|0x0000000713800000, 0x0000000713a00000, 0x0000000713a00000|100%| E|CS|TAMS 0x0000000713800000, 0x0000000713800000| Complete 
| 123|0x0000000713a00000, 0x0000000713c00000, 0x0000000713c00000|100%| E|CS|TAMS 0x0000000713a00000, 0x0000000713a00000| Complete 
| 124|0x0000000713c00000, 0x0000000713e00000, 0x0000000713e00000|100%| E|CS|TAMS 0x0000000713c00000, 0x0000000713c00000| Complete 
| 125|0x0000000713e00000, 0x0000000714000000, 0x0000000714000000|100%| E|CS|TAMS 0x0000000713e00000, 0x0000000713e00000| Complete 

Card table byte_map: [0x0000020f186b0000,0x0000020f18e90000] _byte_map_base: 0x0000020f14e8e000

Marking Bits (Prev, Next): (CMBitMap*) 0x0000020f7faf4810, (CMBitMap*) 0x0000020f7faf4850
 Prev Bits: [0x0000020f19670000, 0x0000020f1d560000)
 Next Bits: [0x0000020f1d560000, 0x0000020f21450000)

Polling page: 0x0000020f7ee60000

Metaspace:

Usage:
  Non-class:     14.30 MB used.
      Class:      2.03 MB used.
       Both:     16.33 MB used.

Virtual space:
  Non-class space:       64.00 MB reserved,      14.44 MB ( 23%) committed,  1 nodes.
      Class space:        1.00 GB reserved,       2.12 MB ( <1%) committed,  1 nodes.
             Both:        1.06 GB reserved,      16.56 MB (  2%) committed. 

Chunk freelists:
   Non-Class:  1.56 MB
       Class:  13.88 MB
        Both:  15.44 MB

MaxMetaspaceSize: unlimited
CompressedClassSpaceSize: 1.00 GB
Initial GC threshold: 21.00 MB
Current GC threshold: 21.00 MB
CDS: on
MetaspaceReclaimPolicy: balanced
 - commit_granule_bytes: 65536.
 - commit_granule_words: 8192.
 - virtual_space_node_default_size: 8388608.
 - enlarge_chunks_in_place: 1.
 - new_chunks_are_fully_committed: 0.
 - uncommit_free_chunks: 1.
 - use_allocation_guard: 0.
 - handle_deallocations: 1.


Internal statistics:

num_allocs_failed_limit: 0.
num_arena_births: 206.
num_arena_deaths: 0.
num_vsnodes_births: 2.
num_vsnodes_deaths: 0.
num_space_committed: 265.
num_space_uncommitted: 0.
num_chunks_returned_to_freelist: 0.
num_chunks_taken_from_freelist: 714.
num_chunk_merges: 0.
num_chunk_splits: 497.
num_chunks_enlarged: 402.
num_inconsistent_stats: 0.

CodeHeap 'non-profiled nmethods': size=120000Kb used=824Kb max_used=824Kb free=119175Kb
 bounds [0x0000020f109a0000, 0x0000020f10c10000, 0x0000020f17ed0000]
CodeHeap 'profiled nmethods': size=120000Kb used=3814Kb max_used=3814Kb free=116185Kb
 bounds [0x0000020f08ed0000, 0x0000020f09290000, 0x0000020f10400000]
CodeHeap 'non-nmethods': size=5760Kb used=1209Kb max_used=1246Kb free=4550Kb
 bounds [0x0000020f10400000, 0x0000020f10670000, 0x0000020f109a0000]
 total_blobs=2552 nmethods=2053 adapters=411
 compilation: enabled
              stopped_count=0, restarted_count=0
 full_count=0

Compilation events (20 events):
Event: 1.232 Thread 0x0000020f6902e5b0 nmethod 1997 0x0000020f09264910 code [0x0000020f09264ac0, 0x0000020f09264c08]
Event: 1.232 Thread 0x0000020f6902e5b0 1998       3       java.nio.ByteBuffer::wrap (8 bytes)
Event: 1.232 Thread 0x0000020f6902e5b0 nmethod 1998 0x0000020f09264d10 code [0x0000020f09264ec0, 0x0000020f09264fe8]
Event: 1.232 Thread 0x0000020f6902e5b0 1999   !   3       java.nio.ByteBuffer::wrap (21 bytes)
Event: 1.233 Thread 0x0000020f6902e5b0 nmethod 1999 0x0000020f09265090 code [0x0000020f09265260, 0x0000020f092654f8]
Event: 1.233 Thread 0x0000020f6902e5b0 2001       3       org.springframework.core.annotation.AnnotationTypeMappings::size (10 bytes)
Event: 1.233 Thread 0x0000020f6902e5b0 nmethod 2001 0x0000020f09265690 code [0x0000020f09265840, 0x0000020f09265a28]
Event: 1.233 Thread 0x0000020f6902e5b0 2000       3       org.springframework.core.annotation.AnnotationTypeMappings::get (14 bytes)
Event: 1.233 Thread 0x0000020f6902e5b0 nmethod 2000 0x0000020f09265b10 code [0x0000020f09265cc0, 0x0000020f09265f88]
Event: 1.236 Thread 0x0000020f6902e5b0 2002       3       java.util.Arrays::equals (57 bytes)
Event: 1.237 Thread 0x0000020f6902e5b0 nmethod 2002 0x0000020f09266090 code [0x0000020f09266280, 0x0000020f09266828]
Event: 1.237 Thread 0x0000020f6902e5b0 2003       3       org.springframework.core.annotation.AnnotationTypeMapping$MirrorSets::resolve (109 bytes)
Event: 1.237 Thread 0x0000020f6902e5b0 nmethod 2003 0x0000020f09266a10 code [0x0000020f09266c00, 0x0000020f09267228]
Event: 1.237 Thread 0x0000020f6902e5b0 2004       3       java.lang.Module::canRead (86 bytes)
Event: 1.239 Thread 0x0000020f6902e5b0 nmethod 2004 0x0000020f09267590 code [0x0000020f09267960, 0x0000020f09269448]
Event: 1.239 Thread 0x0000020f6902e5b0 2008       3       java.util.concurrent.locks.ReentrantLock$NonfairSync::initialTryLock (58 bytes)
Event: 1.239 Thread 0x0000020f6902e5b0 nmethod 2008 0x0000020f09269b10 code [0x0000020f09269d00, 0x0000020f0926a118]
Event: 1.239 Thread 0x0000020f6902e5b0 2009       3       java.util.concurrent.locks.AbstractQueuedSynchronizer::compareAndSetState (13 bytes)
Event: 1.239 Thread 0x0000020f6902e5b0 nmethod 2009 0x0000020f0926a210 code [0x0000020f0926a3a0, 0x0000020f0926a4d8]
Event: 1.239 Thread 0x0000020f6902e5b0 2010       3       java.security.AccessController::executePrivileged (65 bytes)

GC Heap History (4 events):
Event: 0.608 GC heap before
{Heap before GC invocations=0 (full 0):
 garbage-first heap   total 258048K, used 20480K [0x0000000704400000, 0x0000000800000000)
  region size 2048K, 11 young (22528K), 0 survivors (0K)
 Metaspace       used 5052K, committed 5184K, reserved 1114112K
  class space    used 583K, committed 640K, reserved 1048576K
}
Event: 0.611 GC heap after
{Heap after GC invocations=1 (full 0):
 garbage-first heap   total 258048K, used 6272K [0x0000000704400000, 0x0000000800000000)
  region size 2048K, 2 young (4096K), 2 survivors (4096K)
 Metaspace       used 5052K, committed 5184K, reserved 1114112K
  class space    used 583K, committed 640K, reserved 1048576K
}
Event: 0.975 GC heap before
{Heap before GC invocations=1 (full 0):
 garbage-first heap   total 258048K, used 28800K [0x0000000704400000, 0x0000000800000000)
  region size 2048K, 14 young (28672K), 2 survivors (4096K)
 Metaspace       used 11149K, committed 11392K, reserved 1114112K
  class space    used 1346K, committed 1472K, reserved 1048576K
}
Event: 0.979 GC heap after
{Heap after GC invocations=2 (full 0):
 garbage-first heap   total 258048K, used 8097K [0x0000000704400000, 0x0000000800000000)
  region size 2048K, 2 young (4096K), 2 survivors (4096K)
 Metaspace       used 11149K, committed 11392K, reserved 1114112K
  class space    used 1346K, committed 1472K, reserved 1048576K
}

Dll operation events (9 events):
Event: 0.009 Loaded shared library C:\Program Files\Eclipse Adoptium\jdk-17.0.17.10-hotspot\bin\java.dll
Event: 0.029 Loaded shared library C:\Program Files\Eclipse Adoptium\jdk-17.0.17.10-hotspot\bin\jsvml.dll
Event: 0.099 Loaded shared library C:\Program Files\Eclipse Adoptium\jdk-17.0.17.10-hotspot\bin\net.dll
Event: 0.101 Loaded shared library C:\Program Files\Eclipse Adoptium\jdk-17.0.17.10-hotspot\bin\nio.dll
Event: 0.103 Loaded shared library C:\Program Files\Eclipse Adoptium\jdk-17.0.17.10-hotspot\bin\zip.dll
Event: 0.232 Loaded shared library C:\Program Files\Eclipse Adoptium\jdk-17.0.17.10-hotspot\bin\jimage.dll
Event: 0.522 Loaded shared library C:\Program Files\Eclipse Adoptium\jdk-17.0.17.10-hotspot\bin\management.dll
Event: 0.525 Loaded shared library C:\Program Files\Eclipse Adoptium\jdk-17.0.17.10-hotspot\bin\management_ext.dll
Event: 1.235 Loaded shared library C:\Program Files\Eclipse Adoptium\jdk-17.0.17.10-hotspot\bin\sunmscapi.dll

Deoptimization events (20 events):
Event: 1.169 Thread 0x0000020f6a072b80 DEOPT PACKING pc=0x0000020f109b0fc0 sp=0x0000006868cfd8b0
Event: 1.169 Thread 0x0000020f6a072b80 DEOPT UNPACKING pc=0x0000020f1045a1a3 sp=0x0000006868cfd838 mode 2
Event: 1.176 Thread 0x0000020f6a072b80 Uncommon trap: trap_request=0xffffff45 fr.pc=0x0000020f10a4e3e8 relative=0x0000000000000228
Event: 1.176 Thread 0x0000020f6a072b80 Uncommon trap: reason=unstable_if action=reinterpret pc=0x0000020f10a4e3e8 method=java.util.StringTokenizer.scanToken(I)I @ 42 c2
Event: 1.176 Thread 0x0000020f6a072b80 DEOPT PACKING pc=0x0000020f10a4e3e8 sp=0x0000006868cfd350
Event: 1.176 Thread 0x0000020f6a072b80 DEOPT UNPACKING pc=0x0000020f1045a1a3 sp=0x0000006868cfd2e0 mode 2
Event: 1.196 Thread 0x0000020f6a3bd020 Uncommon trap: trap_request=0xffffff45 fr.pc=0x0000020f10a10588 relative=0x0000000000000068
Event: 1.196 Thread 0x0000020f6a3bd020 Uncommon trap: reason=unstable_if action=reinterpret pc=0x0000020f10a10588 method=sun.net.www.ParseUtil.firstEncodeIndex(Ljava/lang/String;)I @ 51 c2
Event: 1.196 Thread 0x0000020f6a3bd020 DEOPT PACKING pc=0x0000020f10a10588 sp=0x00000068692fe440
Event: 1.196 Thread 0x0000020f6a3bd020 DEOPT UNPACKING pc=0x0000020f1045a1a3 sp=0x00000068692fe3c8 mode 2
Event: 1.221 Thread 0x0000020f6a072b80 Uncommon trap: trap_request=0xffffff45 fr.pc=0x0000020f10a3e0b4 relative=0x0000000000000114
Event: 1.221 Thread 0x0000020f6a072b80 Uncommon trap: reason=unstable_if action=reinterpret pc=0x0000020f10a3e0b4 method=java.util.Arrays.equals([Ljava/lang/Object;[Ljava/lang/Object;)Z @ 44 c2
Event: 1.221 Thread 0x0000020f6a072b80 DEOPT PACKING pc=0x0000020f10a3e0b4 sp=0x0000006868cfcea0
Event: 1.221 Thread 0x0000020f6a072b80 DEOPT UNPACKING pc=0x0000020f1045a1a3 sp=0x0000006868cfce40 mode 2
Event: 1.225 Thread 0x0000020f6a072b80 Uncommon trap: trap_request=0xffffff45 fr.pc=0x0000020f10a2db80 relative=0x0000000000000f80
Event: 1.225 Thread 0x0000020f6a072b80 Uncommon trap: reason=unstable_if action=reinterpret pc=0x0000020f10a2db80 method=jdk.internal.org.objectweb.asm.SymbolTable.put(Ljdk/internal/org/objectweb/asm/SymbolTable$Entry;)Ljdk/internal/org/objectweb/asm/SymbolTable$Entry; @ 13 c2
Event: 1.225 Thread 0x0000020f6a072b80 DEOPT PACKING pc=0x0000020f10a2db80 sp=0x0000006868cfc620
Event: 1.225 Thread 0x0000020f6a072b80 DEOPT UNPACKING pc=0x0000020f1045a1a3 sp=0x0000006868cfc578 mode 2
Event: 1.234 Thread 0x0000020f6a072b80 DEOPT PACKING pc=0x0000020f09244170 sp=0x0000006868cfd7b0
Event: 1.234 Thread 0x0000020f6a072b80 DEOPT UNPACKING pc=0x0000020f1045ace3 sp=0x0000006868cfccc8 mode 0

Classes loaded (20 events):
Event: 1.224 Loading class sun/security/util/KnownOIDs$10
Event: 1.224 Loading class sun/security/util/KnownOIDs$10 done
Event: 1.227 Loading class sun/security/rsa/SunRsaSign
Event: 1.228 Loading class sun/security/rsa/SunRsaSign done
Event: 1.228 Loading class sun/security/rsa/SunRsaSignEntries
Event: 1.228 Loading class sun/security/rsa/SunRsaSignEntries done
Event: 1.228 Loading class sun/security/jca/ProviderConfig$3
Event: 1.228 Loading class sun/security/jca/ProviderConfig$3 done
Event: 1.228 Loading class sun/security/jca/ProviderConfig$ProviderLoader
Event: 1.229 Loading class sun/security/jca/ProviderConfig$ProviderLoader done
Event: 1.230 Loading class java/security/ProviderException
Event: 1.230 Loading class java/security/ProviderException done
Event: 1.231 Loading class java/security/InvalidParameterException
Event: 1.231 Loading class java/security/InvalidParameterException done
Event: 1.238 Loading class java/security/AuthProvider
Event: 1.238 Loading class java/security/AuthProvider done
Event: 1.239 Loading class java/security/PrivilegedActionException
Event: 1.239 Loading class java/security/PrivilegedActionException done
Event: 1.239 Loading class javax/security/auth/login/FailedLoginException
Event: 1.240 Loading class javax/security/auth/login/FailedLoginException done

Classes unloaded (0 events):
No events

Classes redefined (0 events):
No events

Internal exceptions (20 events):
Event: 0.796 Thread 0x0000020f6a072b80 Exception <a 'java/lang/NoSuchMethodError'{0x000000071344d880}: 'void java.lang.invoke.DirectMethodHandle$Holder.invokeInterface(java.lang.Object, java.lang.Object, java.lang.Object)'> (0x000000071344d880) 
thrown [s\src\hotspot\share\interpreter\linkResolver.cpp, line 759]
Event: 0.816 Thread 0x0000020f6a072b80 Exception <a 'java/lang/NoSuchMethodError'{0x0000000713501cf0}: 'void java.lang.invoke.DirectMethodHandle$Holder.invokeStaticInit(java.lang.Object, java.lang.Object, java.lang.Object)'> (0x0000000713501cf0) 
thrown [s\src\hotspot\share\interpreter\linkResolver.cpp, line 759]
Event: 0.821 Thread 0x0000020f6a072b80 Exception <a 'java/lang/NoSuchMethodError'{0x0000000713548918}: 'java.lang.Object java.lang.invoke.DirectMethodHandle$Holder.invokeStatic(java.lang.Object, java.lang.Object, long, java.lang.Object)'> (0x0000000713548918) 
thrown [s\src\hotspot\share\interpreter\linkResolver.cpp, line 759]
Event: 0.821 Thread 0x0000020f6a072b80 Exception <a 'java/lang/NoSuchMethodError'{0x000000071354c3b0}: 'java.lang.Object java.lang.invoke.DirectMethodHandle$Holder.invokeStaticInit(java.lang.Object, java.lang.Object, long, java.lang.Object)'> (0x000000071354c3b0) 
thrown [s\src\hotspot\share\interpreter\linkResolver.cpp, line 759]
Event: 0.822 Thread 0x0000020f6a072b80 Exception <a 'java/lang/NoSuchMethodError'{0x0000000713552af8}: 'java.lang.Object java.lang.invoke.DirectMethodHandle$Holder.newInvokeSpecial(java.lang.Object, java.lang.Object, long)'> (0x0000000713552af8) 
thrown [s\src\hotspot\share\interpreter\linkResolver.cpp, line 759]
Event: 0.822 Thread 0x0000020f6a072b80 Exception <a 'java/lang/NoSuchMethodError'{0x0000000713556668}: 'java.lang.Object java.lang.invoke.Invokers$Holder.linkToTargetMethod(java.lang.Object, long, java.lang.Object)'> (0x0000000713556668) 
thrown [s\src\hotspot\share\interpreter\linkResolver.cpp, line 759]
Event: 0.835 Thread 0x0000020f6a072b80 Exception <a 'java/lang/NoSuchMethodError'{0x00000007135b9638}: 'void java.lang.invoke.DirectMethodHandle$Holder.invokeVirtual(java.lang.Object, java.lang.Object, java.lang.Object, java.lang.Object)'> (0x00000007135b9638) 
thrown [s\src\hotspot\share\interpreter\linkResolver.cpp, line 759]
Event: 0.860 Thread 0x0000020f6a072b80 Exception <a 'java/lang/NoSuchMethodError'{0x000000071332d998}: 'void java.lang.invoke.DirectMethodHandle$Holder.invokeSpecial(java.lang.Object, java.lang.Object, java.lang.Object)'> (0x000000071332d998) 
thrown [s\src\hotspot\share\interpreter\linkResolver.cpp, line 759]
Event: 0.868 Thread 0x0000020f6a072b80 Exception <a 'java/lang/IncompatibleClassChangeError'{0x0000000713389070}: Found class java.lang.Object, but interface was expected> (0x0000000713389070) 
thrown [s\src\hotspot\share\interpreter\linkResolver.cpp, line 826]
Event: 0.868 Thread 0x0000020f6a3bd020 Exception <a 'java/lang/NoClassDefFoundError'{0x000000071336cd28}: jakarta/validation/Validation> (0x000000071336cd28) 
thrown [s\src\hotspot\share\classfile\systemDictionary.cpp, line 245]
Event: 0.991 Thread 0x0000020f6a072b80 Exception <a 'java/lang/NoSuchMethodError'{0x0000000713e60240}: 'java.lang.Object java.lang.invoke.DirectMethodHandle$Holder.invokeStatic(java.lang.Object, int, java.lang.Object)'> (0x0000000713e60240) 
thrown [s\src\hotspot\share\interpreter\linkResolver.cpp, line 759]
Event: 1.159 Thread 0x0000020f6a3bd020 Exception <a 'java/lang/NoSuchMethodError'{0x0000000712e3f7d0}: 'long java.lang.invoke.DirectMethodHandle$Holder.invokeSpecial(java.lang.Object, java.lang.Object)'> (0x0000000712e3f7d0) 
thrown [s\src\hotspot\share\interpreter\linkResolver.cpp, line 759]
Event: 1.161 Thread 0x0000020f6a3bd020 Exception <a 'java/lang/NoSuchMethodError'{0x0000000712e4a348}: 'long java.lang.invoke.DirectMethodHandle$Holder.invokeStatic(java.lang.Object, java.lang.Object)'> (0x0000000712e4a348) 
thrown [s\src\hotspot\share\interpreter\linkResolver.cpp, line 759]
Event: 1.161 Thread 0x0000020f6a3bd020 Exception <a 'java/lang/NoSuchMethodError'{0x0000000712e4d6a0}: 'long java.lang.invoke.DirectMethodHandle$Holder.invokeStaticInit(java.lang.Object, java.lang.Object)'> (0x0000000712e4d6a0) 
thrown [s\src\hotspot\share\interpreter\linkResolver.cpp, line 759]
Event: 1.162 Thread 0x0000020f6a3bd020 Exception <a 'java/lang/NoSuchMethodError'{0x0000000712e5afb0}: 'long java.lang.invoke.DirectMethodHandle$Holder.invokeInterface(java.lang.Object, java.lang.Object)'> (0x0000000712e5afb0) 
thrown [s\src\hotspot\share\interpreter\linkResolver.cpp, line 759]
Event: 1.163 Thread 0x0000020f6a3bd020 Exception <a 'java/lang/IncompatibleClassChangeError'{0x0000000712e5e298}: Found class java.lang.Object, but interface was expected> (0x0000000712e5e298) 
thrown [s\src\hotspot\share\interpreter\linkResolver.cpp, line 826]
Event: 1.165 Thread 0x0000020f6a072b80 Exception <a 'java/lang/NoSuchMethodError'{0x0000000712f3c2f8}: 'java.lang.Object java.lang.invoke.DirectMethodHandle$Holder.invokeVirtual(java.lang.Object, java.lang.Object, java.lang.Object)'> (0x0000000712f3c2f8) 
thrown [s\src\hotspot\share\interpreter\linkResolver.cpp, line 759]
Event: 1.166 Thread 0x0000020f6a3bd020 Exception <a 'java/lang/NoSuchMethodError'{0x0000000712e76e78}: 'java.lang.Object java.lang.invoke.DirectMethodHandle$Holder.invokeVirtual(java.lang.Object, java.lang.Object, java.lang.Object, java.lang.Object)'> (0x0000000712e76e78) 
thrown [s\src\hotspot\share\interpreter\linkResolver.cpp, line 759]
Event: 1.170 Thread 0x0000020f6a072b80 Exception <a 'java/lang/NoSuchMethodError'{0x0000000712f59060}: 'int java.lang.invoke.DirectMethodHandle$Holder.invokeSpecial(java.lang.Object, java.lang.Object, java.lang.Object, java.lang.Object, java.lang.Object)'> (0x0000000712f59060) 
thrown [s\src\hotspot\share\interpreter\linkResolver.cpp, line 759]
Event: 1.173 Thread 0x0000020f6a072b80 Exception <a 'java/lang/NoSuchMethodError'{0x0000000712f62200}: 'void java.lang.invoke.DirectMethodHandle$Holder.invokeVirtual(java.lang.Object, java.lang.Object)'> (0x0000000712f62200) 
thrown [s\src\hotspot\share\interpreter\linkResolver.cpp, line 759]

VM Operations (20 events):
Event: 0.608 Executing VM operation: G1CollectForAllocation
Event: 0.611 Executing VM operation: G1CollectForAllocation done
Event: 0.619 Executing VM operation: HandshakeAllThreads
Event: 0.619 Executing VM operation: HandshakeAllThreads done
Event: 0.763 Executing VM operation: HandshakeAllThreads
Event: 0.763 Executing VM operation: HandshakeAllThreads done
Event: 0.858 Executing VM operation: HandshakeAllThreads
Event: 0.858 Executing VM operation: HandshakeAllThreads done
Event: 0.903 Executing VM operation: ICBufferFull
Event: 0.903 Executing VM operation: ICBufferFull done
Event: 0.975 Executing VM operation: G1CollectForAllocation
Event: 0.979 Executing VM operation: G1CollectForAllocation done
Event: 0.988 Executing VM operation: HandshakeAllThreads
Event: 0.988 Executing VM operation: HandshakeAllThreads done
Event: 1.086 Executing VM operation: HandshakeAllThreads
Event: 1.086 Executing VM operation: HandshakeAllThreads done
Event: 1.147 Executing VM operation: HandshakeAllThreads
Event: 1.147 Executing VM operation: HandshakeAllThreads done
Event: 1.218 Executing VM operation: HandshakeAllThreads
Event: 1.218 Executing VM operation: HandshakeAllThreads done

Memory protections (0 events):
No events

Nmethod flushes (0 events):
No events

Events (17 events):
Event: 0.029 Thread 0x0000020f7fa85fe0 Thread added: 0x0000020f7fa85fe0
Event: 0.032 Thread 0x0000020f7fa85fe0 Thread added: 0x0000020f69003020
Event: 0.032 Thread 0x0000020f7fa85fe0 Thread added: 0x0000020f69005bf0
Event: 0.040 Thread 0x0000020f7fa85fe0 Thread added: 0x0000020f6900f590
Event: 0.040 Thread 0x0000020f7fa85fe0 Thread added: 0x0000020f69010150
Event: 0.040 Thread 0x0000020f7fa85fe0 Thread added: 0x0000020f69010d10
Event: 0.040 Thread 0x0000020f7fa85fe0 Thread added: 0x0000020f690136e0
Event: 0.040 Thread 0x0000020f7fa85fe0 Thread added: 0x0000020f69019010
Event: 0.040 Thread 0x0000020f7fa85fe0 Thread added: 0x0000020f6902e5b0
Event: 0.040 Thread 0x0000020f7fa85fe0 Thread added: 0x0000020f69023b60
Event: 0.091 Thread 0x0000020f7fa85fe0 Thread added: 0x0000020f69176700
Event: 0.095 Thread 0x0000020f7fa85fe0 Thread added: 0x0000020f69182c90
Event: 0.120 Thread 0x0000020f6902e5b0 Thread added: 0x0000020f692a9040
Event: 0.379 Thread 0x0000020f6902e5b0 Thread added: 0x0000020f69beb760
Event: 0.561 Thread 0x0000020f7fa85fe0 Thread added: 0x0000020f69285fd0
Event: 0.563 Thread 0x0000020f69285fd0 Thread added: 0x0000020f6a072b80
Event: 0.866 Thread 0x0000020f6a072b80 Thread added: 0x0000020f6a3bd020


Dynamic libraries:
0x00007ff747690000 - 0x00007ff74769e000 	C:\Program Files\Eclipse Adoptium\jdk-17.0.17.10-hotspot\bin\javaw.exe
0x00007ff943430000 - 0x00007ff943648000 	C:\WINDOWS\SYSTEM32\ntdll.dll
0x00007ff942390000 - 0x00007ff942454000 	C:\WINDOWS\System32\KERNEL32.DLL
0x00007ff940800000 - 0x00007ff940bd3000 	C:\WINDOWS\System32\KERNELBASE.dll
0x00007ff940e40000 - 0x00007ff940f51000 	C:\WINDOWS\System32\ucrtbase.dll
0x00007ff9149e0000 - 0x00007ff9149fe000 	C:\Program Files\Eclipse Adoptium\jdk-17.0.17.10-hotspot\bin\VCRUNTIME140.dll
0x00007ff914740000 - 0x00007ff914758000 	C:\Program Files\Eclipse Adoptium\jdk-17.0.17.10-hotspot\bin\jli.dll
0x00007ff942670000 - 0x00007ff942822000 	C:\WINDOWS\System32\USER32.dll
0x00007ff928060000 - 0x00007ff9282fc000 	C:\WINDOWS\WinSxS\amd64_microsoft.windows.common-controls_6595b64144ccf1df_6.0.22621.6060_none_2712eda17382d24b\COMCTL32.dll
0x00007ff9407a0000 - 0x00007ff9407c6000 	C:\WINDOWS\System32\win32u.dll
0x00007ff941a90000 - 0x00007ff941b37000 	C:\WINDOWS\System32\msvcrt.dll
0x00007ff943110000 - 0x00007ff943139000 	C:\WINDOWS\System32\GDI32.dll
0x00007ff940600000 - 0x00007ff94071b000 	C:\WINDOWS\System32\gdi32full.dll
0x00007ff940da0000 - 0x00007ff940e3a000 	C:\WINDOWS\System32\msvcp_win.dll
0x00007ff941970000 - 0x00007ff9419a1000 	C:\WINDOWS\System32\IMM32.DLL
0x00007ff93ca10000 - 0x00007ff93ca1c000 	C:\Program Files\Eclipse Adoptium\jdk-17.0.17.10-hotspot\bin\vcruntime140_1.dll
0x00007ff8ee370000 - 0x00007ff8ee3fd000 	C:\Program Files\Eclipse Adoptium\jdk-17.0.17.10-hotspot\bin\msvcp140.dll
0x00007ff87a210000 - 0x00007ff87ae7b000 	C:\Program Files\Eclipse Adoptium\jdk-17.0.17.10-hotspot\bin\server\jvm.dll
0x00007ff943050000 - 0x00007ff943101000 	C:\WINDOWS\System32\ADVAPI32.dll
0x00007ff942460000 - 0x00007ff942508000 	C:\WINDOWS\System32\sechost.dll
0x00007ff9407d0000 - 0x00007ff9407f8000 	C:\WINDOWS\System32\bcrypt.dll
0x00007ff941d60000 - 0x00007ff941e78000 	C:\WINDOWS\System32\RPCRT4.dll
0x00007ff943260000 - 0x00007ff9432d1000 	C:\WINDOWS\System32\WS2_32.dll
0x00007ff93bdf0000 - 0x00007ff93be24000 	C:\WINDOWS\SYSTEM32\WINMM.dll
0x00007ff93f350000 - 0x00007ff93f39d000 	C:\WINDOWS\SYSTEM32\POWRPROF.dll
0x00007ff93bc50000 - 0x00007ff93bc5a000 	C:\WINDOWS\SYSTEM32\VERSION.dll
0x00007ff93f330000 - 0x00007ff93f343000 	C:\WINDOWS\SYSTEM32\UMPDC.dll
0x00007ff93f5d0000 - 0x00007ff93f5e8000 	C:\WINDOWS\SYSTEM32\kernel.appcore.dll
0x00007ff9287f0000 - 0x00007ff9287fa000 	C:\Program Files\Eclipse Adoptium\jdk-17.0.17.10-hotspot\bin\jimage.dll
0x00007ff93de50000 - 0x00007ff93e083000 	C:\WINDOWS\SYSTEM32\DBGHELP.DLL
0x00007ff942cb0000 - 0x00007ff943041000 	C:\WINDOWS\System32\combase.dll
0x00007ff9419b0000 - 0x00007ff941a88000 	C:\WINDOWS\System32\OLEAUT32.dll
0x00007ff92cf60000 - 0x00007ff92cf92000 	C:\WINDOWS\SYSTEM32\dbgcore.DLL
0x00007ff940720000 - 0x00007ff94079b000 	C:\WINDOWS\System32\bcryptPrimitives.dll
0x00007ff917230000 - 0x00007ff917255000 	C:\Program Files\Eclipse Adoptium\jdk-17.0.17.10-hotspot\bin\java.dll
0x00007ff89b4f0000 - 0x00007ff89b5c7000 	C:\Program Files\Eclipse Adoptium\jdk-17.0.17.10-hotspot\bin\jsvml.dll
0x00007ff9410d0000 - 0x00007ff94196c000 	C:\WINDOWS\System32\SHELL32.dll
0x00007ff940c60000 - 0x00007ff940d9f000 	C:\WINDOWS\System32\wintypes.dll
0x00007ff93e3f0000 - 0x00007ff93ed0a000 	C:\WINDOWS\SYSTEM32\windows.storage.dll
0x00007ff9420c0000 - 0x00007ff9421c4000 	C:\WINDOWS\System32\SHCORE.dll
0x00007ff9432e0000 - 0x00007ff943349000 	C:\WINDOWS\System32\shlwapi.dll
0x00007ff940470000 - 0x00007ff940495000 	C:\WINDOWS\SYSTEM32\profapi.dll
0x00007ff914720000 - 0x00007ff91473a000 	C:\Program Files\Eclipse Adoptium\jdk-17.0.17.10-hotspot\bin\net.dll
0x00007ff93d0b0000 - 0x00007ff93d1dc000 	C:\WINDOWS\SYSTEM32\WINHTTP.dll
0x00007ff93fa90000 - 0x00007ff93faf9000 	C:\WINDOWS\system32\mswsock.dll
0x00007ff908ca0000 - 0x00007ff908cb6000 	C:\Program Files\Eclipse Adoptium\jdk-17.0.17.10-hotspot\bin\nio.dll
0x00007ff908c80000 - 0x00007ff908c98000 	C:\Program Files\Eclipse Adoptium\jdk-17.0.17.10-hotspot\bin\zip.dll
0x00007ff913b90000 - 0x00007ff913b9a000 	C:\Program Files\Eclipse Adoptium\jdk-17.0.17.10-hotspot\bin\management.dll
0x00007ff908c70000 - 0x00007ff908c7c000 	C:\Program Files\Eclipse Adoptium\jdk-17.0.17.10-hotspot\bin\management_ext.dll
0x00007ff941fb0000 - 0x00007ff941fb8000 	C:\WINDOWS\System32\PSAPI.DLL
0x00007ff908c60000 - 0x00007ff908c6e000 	C:\Program Files\Eclipse Adoptium\jdk-17.0.17.10-hotspot\bin\sunmscapi.dll
0x00007ff940f60000 - 0x00007ff9410c8000 	C:\WINDOWS\System32\CRYPT32.dll
0x00007ff93ff00000 - 0x00007ff93ff2e000 	C:\WINDOWS\SYSTEM32\ncrypt.dll
0x00007ff93fec0000 - 0x00007ff93fef7000 	C:\WINDOWS\SYSTEM32\NTASN1.dll

dbghelp: loaded successfully - version: 4.0.5 - missing functions: none
symbol engine: initialized successfully - sym options: 0x614 - pdb path: .;C:\Program Files\Eclipse Adoptium\jdk-17.0.17.10-hotspot\bin;C:\WINDOWS\SYSTEM32;C:\WINDOWS\WinSxS\amd64_microsoft.windows.common-controls_6595b64144ccf1df_6.0.22621.6060_none_2712eda17382d24b;C:\Program Files\Eclipse Adoptium\jdk-17.0.17.10-hotspot\bin\server

VM Arguments:
jvm_args: -Dfile.encoding=UTF-8 -Dstdout.encoding=UTF-8 -Dstderr.encoding=UTF-8 -XX:+ShowCodeDetailsInExceptionMessages 
java_command: com.siwar.demo.ProjetApplication
java_class_path (initial): C:\Users\dell\Documents\workspace-spring-tools-for-eclipse-4.32.2.RELEASE\projet\target\classes;C:\Users\dell\.m2\repository\org\springframework\boot\spring-boot-starter-data-jpa\3.3.4\spring-boot-starter-data-jpa-3.3.4.jar;C:\Users\dell\.m2\repository\org\springframework\boot\spring-boot-starter-aop\3.3.4\spring-boot-starter-aop-3.3.4.jar;C:\Users\dell\.m2\repository\org\springframework\spring-aop\6.1.13\spring-aop-6.1.13.jar;C:\Users\dell\.m2\repository\org\aspectj\aspectjweaver\1.9.22.1\aspectjweaver-1.9.22.1.jar;C:\Users\dell\.m2\repository\org\springframework\boot\spring-boot-starter-jdbc\3.3.4\spring-boot-starter-jdbc-3.3.4.jar;C:\Users\dell\.m2\repository\com\zaxxer\HikariCP\5.1.0\HikariCP-5.1.0.jar;C:\Users\dell\.m2\repository\org\springframework\spring-jdbc\6.1.13\spring-jdbc-6.1.13.jar;C:\Users\dell\.m2\repository\org\hibernate\orm\hibernate-core\6.5.3.Final\hibernate-core-6.5.3.Final.jar;C:\Users\dell\.m2\repository\jakarta\persistence\jakarta.persistence-api\3.1.0\jakarta.persistence-api-3.1.0.jar;C:\Users\dell\.m2\repository\jakarta\transaction\jakarta.transaction-api\2.0.1\jakarta.transaction-api-2.0.1.jar;C:\Users\dell\.m2\repository\org\jboss\logging\jboss-logging\3.5.3.Final\jboss-logging-3.5.3.Final.jar;C:\Users\dell\.m2\repository\org\hibernate\common\hibernate-commons-annotations\6.0.6.Final\hibernate-commons-annotations-6.0.6.Final.jar;C:\Users\dell\.m2\repository\io\smallrye\jandex\3.1.2\jandex-3.1.2.jar;C:\Users\dell\.m2\repository\com\fasterxml\classmate\1.7.0\classmate-1.7.0.jar;C:\Users\dell\.m2\repository\org\glassfish\jaxb\jaxb-runtime\4.0.5\jaxb-runtime-4.0.5.jar;C:\Users\dell\.m2\repository\org\glassfish\jaxb\jaxb-core\4.0.5\jaxb-core-4.0.5.jar;C:\Users\dell\.m2\repository\org\eclipse\angus\angus-activation\2.0.2\angus-activation-2.0.2.jar;C:\Users\dell\.m2\repository\org\glassfish\jaxb\txw2\4.0.5\txw2-4.0.5.jar;C:\Users\dell\.m2\repository\com\sun\istack\istack-commons-runtime\4.1.2\istack-commons-runtime-4
Launcher Type: SUN_STANDARD

[Global flags]
     intx CICompilerCount                          = 4                                         {product} {ergonomic}
     uint ConcGCThreads                            = 2                                         {product} {ergonomic}
     uint G1ConcRefinementThreads                  = 8                                         {product} {ergonomic}
   size_t G1HeapRegionSize                         = 2097152                                   {product} {ergonomic}
    uintx GCDrainStackTargetSize                   = 64                                        {product} {ergonomic}
   size_t InitialHeapSize                          = 264241152                                 {product} {ergonomic}
   size_t MarkStackSize                            = 4194304                                   {product} {ergonomic}
   size_t MaxHeapSize                              = 4223664128                                {product} {ergonomic}
   size_t MaxNewSize                               = 2533359616                                {product} {ergonomic}
   size_t MinHeapDeltaBytes                        = 2097152                                   {product} {ergonomic}
   size_t MinHeapSize                              = 8388608                                   {product} {ergonomic}
    uintx NonNMethodCodeHeapSize                   = 5839372                                {pd product} {ergonomic}
    uintx NonProfiledCodeHeapSize                  = 122909434                              {pd product} {ergonomic}
    uintx ProfiledCodeHeapSize                     = 122909434                              {pd product} {ergonomic}
    uintx ReservedCodeCacheSize                    = 251658240                              {pd product} {ergonomic}
     bool SegmentedCodeCache                       = true                                      {product} {ergonomic}
     bool ShowCodeDetailsInExceptionMessages       = true                                   {manageable} {command line}
   size_t SoftMaxHeapSize                          = 4223664128                             {manageable} {ergonomic}
     bool UseCompressedClassPointers               = true                           {product lp64_product} {ergonomic}
     bool UseCompressedOops                        = true                           {product lp64_product} {ergonomic}
     bool UseG1GC                                  = true                                      {product} {ergonomic}
     bool UseLargePagesIndividualAllocation        = false                                  {pd product} {ergonomic}

Logging:
Log output configuration:
 #0: stdout all=warning uptime,level,tags
 #1: stderr all=off uptime,level,tags

Environment Variables:
JAVA_HOME=C:\Program Files\Eclipse Adoptium\jdk-17.0.17.10-hotspot
PATH=C:/Users/dell/sts/sts-4.32.2.RELEASE//plugins/org.eclipse.justj.openjdk.hotspot.jre.full.win32.x86_64_21.0.9.v20251105-0741/jre/bin/server;C:/Users/dell/sts/sts-4.32.2.RELEASE//plugins/org.eclipse.justj.openjdk.hotspot.jre.full.win32.x86_64_21.0.9.v20251105-0741/jre/bin;C:\Program Files\Eclipse Adoptium\jdk-17.0.17.10-hotspot\bin;C:\PySchool\3.10-32-bit\Scripts;C:\PySchool\3.10-32-bit;C:\WINDOWS\system32;C:\WINDOWS;C:\WINDOWS\System32\Wbem;C:\WINDOWS\System32\WindowsPowerShell\v1.0\;C:\WINDOWS\System32\OpenSSH\;C:\Program Files\Java\jdk-11.0.13\bin;C:\HashiCorp\Vagrant\bin;C:\Program Files\Docker\Docker\resources\bin;C:\ProgramData\DockerDesktop\version-bin;C:\WINDOWS\system32;C:\WINDOWS;C:\WINDOWS\System32\Wbem;C:\WINDOWS\System32\WindowsPowerShell\v1.0\;C:\WINDOWS\System32\OpenSSH\;C:\Program Files\MATLAB\R2024b\bin;C:\Program Files\nodejs\;C:\Program Files\Git\cmd;C:\semestre2\tp1\jdk-8u202-windows-x64.exe;C:\Program Files\Java\jdk1.8.0_202\bin;C:\Users\dell\AppData\Local\Microsoft\WindowsApps;C:\Program Files (x86)\apache-maven-3.8.4\bin;C:\Program Files\Heroku\bin;C:\Users\dell\AppData\Local\Programs\Microsoft VS Code\bin;C:\Program Files\Eclipse Adoptium\jdk-17.0.17.10-hotspot;C:\Users\dell\AppData\Roaming\npm;C:\Program Files\Eclipse Adoptium\jdk-17.0.17.10-hotspot;C:\Users\dell\sts\sts-4.32.2.RELEASE;
USERNAME=dell
OS=Windows_NT
PROCESSOR_IDENTIFIER=Intel64 Family 6 Model 140 Stepping 1, GenuineIntel
TMP=C:\Users\dell\AppData\Local\Temp
TEMP=C:\Users\dell\AppData\Local\Temp



Periodic native trim disabled


---------------  S Y S T E M  ---------------

OS:
 Windows 11 , 64 bit Build 22621 (10.0.22621.5415)
OS uptime: 0 days 10:24 hours
Hyper-V role detected

CPU: total 8 (initial active 8) (4 cores per cpu, 2 threads per core) family 6 model 140 stepping 1 microcode 0xbc, cx8, cmov, fxsr, ht, mmx, 3dnowpref, sse, sse2, sse3, ssse3, sse4.1, sse4.2, popcnt, lzcnt, tsc, tscinvbit, avx, avx2, aes, erms, clmul, bmi1, bmi2, adx, avx512f, avx512dq, avx512cd, avx512bw, avx512vl, sha, fma, vzeroupper, avx512_vpopcntdq, avx512_vpclmulqdq, avx512_vaes, avx512_vnni, clflush, clflushopt, clwb, avx512_vbmi2, avx512_vbmi, hv
Processor Information for processor 0
  Max Mhz: 2419, Current Mhz: 2419, Mhz Limit: 2419
Processor Information for processor 1
  Max Mhz: 2419, Current Mhz: 1209, Mhz Limit: 2419
Processor Information for processor 2
  Max Mhz: 2419, Current Mhz: 2419, Mhz Limit: 2419
Processor Information for processor 3
  Max Mhz: 2419, Current Mhz: 2419, Mhz Limit: 2419
Processor Information for processor 4
  Max Mhz: 2419, Current Mhz: 2419, Mhz Limit: 2419
Processor Information for processor 5
  Max Mhz: 2419, Current Mhz: 2419, Mhz Limit: 2419
Processor Information for processor 6
  Max Mhz: 2419, Current Mhz: 1209, Mhz Limit: 2419
Processor Information for processor 7
  Max Mhz: 2419, Current Mhz: 2419, Mhz Limit: 2419

Memory: 4k page, system-wide physical 16110M (3482M free)
TotalPageFile size 16110M (AvailPageFile size 7M)
current process WorkingSet (physical memory assigned to process): 135M, peak: 139M
current process commit charge ("private bytes"): 401M, peak: 405M

vm_info: OpenJDK 64-Bit Server VM (17.0.17+10) for windows-amd64 JRE (17.0.17+10), built on Oct 21 2025 23:25:32 by "admin" with unknown MS VC++:1942

END.
